     1                                  ; hello world
     2                                  extern printf
     3                                  section .data
     4 00000000 48656C6C6F2C20576F-         msg db "Hello, World !", 0
     4 00000009 726C64202100       
     5 0000000F 54686973206973206F-         fmtstr db "This is our string: %s", 10, 0; format specifier
     5 00000018 757220737472696E67-
     5 00000021 3A2025730A00       
     6                                  section .bss ; empty
     7                                  section .text
     8                                      global main
     9                                  
    10                                  main:
    11 00000000 55                          push rbp
    12 00000001 4889E5                      mov rbp, rsp
    13 00000004 48BF-                       mov rdi, fmtstr
    13 00000006 [0F00000000000000] 
    14 0000000E 48BE-                       mov rsi, msg
    14 00000010 [0000000000000000] 
    15 00000018 B800000000                  mov rax, 0
    16 0000001D E8(00000000)                call printf
    17 00000022 4889EC                      mov rsp, rbp
    18 00000025 5D                          pop rbp
    19 00000026 B83C000000                  mov rax, 60
    20 0000002B BF00000000                  mov rdi, 0
    21 00000030 0F05                        syscall
