     1                                  extern printf
     2                                  section .data
     3 00000000 00CA9A3B00000000            number dq 1000000000
     4 00000008 5468652073756D2066-         fmt db "The sum from 0 to %ld is %ld", 10, 0 ; format specifier
     4 00000011 726F6D203020746F20-
     4 0000001A 256C6420697320256C-
     4 00000023 640A00             
     5                                  section .bss
     6                                  section .text
     7                                      global main
     8                                  main:
     9 00000000 55                          push rbp
    10 00000001 4889E5                      mov rbp, rsp
    11 00000004 488B0C25[00000000]          mov rcx, [number] ; set loop counter at number (going backwards)
    12 0000000C B800000000                  mov rax, 0 ; sum in rax
    13                                  bloop:
    14 00000011 4801C8                      add rax, rcx ; increment rax by rcx content
    15 00000014 E2FB                        loop bloop ; loop while decreasing rcx by until rcx = 0
    16                                      ; if reached
    17 00000016 48BF-                       mov rdi, fmt ;setup printf args
    17 00000018 [0800000000000000] 
    18 00000020 488B3425[00000000]          mov rsi, [number];
    19 00000028 4889C2                      mov rdx, rax;
    20 0000002B B800000000                  mov rax, 0
    21 00000030 E8(00000000)                call printf
    22 00000035 4889EC                      mov rsp, rbp
    23 00000038 5D                          pop rbp
    24 00000039 C3                          ret
